// Jest Snapshot v1, https://goo.gl/fbAQLP

exports[`renders correctly 1`] = `
<div
  className="MuiGrid-root MuiGrid-item MuiGrid-grid-xs-12 MuiGrid-grid-sm-6 MuiGrid-grid-md-4"
>
  <div
    className="MuiPaper-root MuiPaper-elevation1 MuiCard-root makeStyles-card-221 MuiPaper-rounded"
  >
    <div
      className="MuiCardMedia-root makeStyles-cardMedia-222"
      style={
        Object {
          "backgroundImage": "url(\\"https://thumbnail\\")",
        }
      }
      title="name image"
    />
    <div
      className="MuiCardContent-root makeStyles-cardContent-223"
    >
      <h2
        className="MuiTypography-root makeStyles-characterName-359 MuiTypography-h5 MuiTypography-gutterBottom"
        onClick={[Function]}
      >
        name
      </h2>
    </div>
    <div
      className="MuiCardActions-root MuiCardActions-spacing"
    >
      <button
        className="MuiButtonBase-root MuiButton-root MuiButton-text MuiButton-textPrimary MuiButton-textSizeSmall MuiButton-sizeSmall"
        disabled={false}
        onBlur={[Function]}
        onDragLeave={[Function]}
        onFocus={[Function]}
        onKeyDown={[Function]}
        onKeyUp={[Function]}
        onMouseDown={[Function]}
        onMouseLeave={[Function]}
        onMouseUp={[Function]}
        onTouchEnd={[Function]}
        onTouchMove={[Function]}
        onTouchStart={[Function]}
        tabIndex={0}
        type="button"
      >
        <span
          className="MuiButton-label"
        >
          Set as favorite
        </span>
      </button>
    </div>
  </div>
</div>
`;
